[0.075s] DEBUG:colcon:Command line arguments: ['/usr/bin/colcon', 'build']
[0.075s] DEBUG:colcon:Parsed command line arguments: Namespace(log_base=None, log_level=None, verb_name='build', build_base='build', install_base='install', merge_install=False, symlink_install=False, test_result_base=None, continue_on_error=False, executor='parallel', parallel_workers=16, event_handlers=None, ignore_user_meta=False, metas=['./colcon.meta'], base_paths=['.'], packages_ignore=None, packages_ignore_regex=None, paths=None, packages_up_to=None, packages_up_to_regex=None, packages_above=None, packages_above_and_dependencies=None, packages_above_depth=None, packages_select_by_dep=None, packages_skip_by_dep=None, packages_skip_up_to=None, packages_select_build_failed=False, packages_skip_build_finished=False, packages_select_test_failures=False, packages_skip_test_passed=False, packages_select=None, packages_skip=None, packages_select_regex=None, packages_skip_regex=None, packages_start=None, packages_end=None, allow_overriding=[], cmake_args=None, cmake_target=None, cmake_target_skip_unavailable=False, cmake_clean_cache=False, cmake_clean_first=False, cmake_force_configure=False, ament_cmake_args=None, catkin_cmake_args=None, catkin_skip_building_tests=False, mixin_files=None, mixin=None, verb_parser=<colcon_mixin.mixin.mixin_argument.MixinArgumentDecorator object at 0x743a76883050>, verb_extension=<colcon_core.verb.build.BuildVerb object at 0x743a769a7920>, main=<bound method BuildVerb.main of <colcon_core.verb.build.BuildVerb object at 0x743a769a7920>>, mixin_verb=('build',))
[0.104s] Level 1:colcon.colcon_core.package_discovery:discover_packages(colcon_meta) check parameters
[0.104s] Level 1:colcon.colcon_core.package_discovery:discover_packages(recursive) check parameters
[0.104s] Level 1:colcon.colcon_core.package_discovery:discover_packages(ignore) check parameters
[0.104s] Level 1:colcon.colcon_core.package_discovery:discover_packages(path) check parameters
[0.104s] Level 1:colcon.colcon_core.package_discovery:discover_packages(colcon_meta) discover
[0.104s] Level 1:colcon.colcon_core.package_discovery:discover_packages(recursive) discover
[0.104s] INFO:colcon.colcon_core.package_discovery:Crawling recursively for packages in '/home/quin/ee5531/proj6_ws/src/project6-waypoint-mapping-group4'
[0.104s] Level 1:colcon.colcon_core.package_identification:_identify(.) by extensions ['ignore', 'ignore_ament_install']
[0.104s] Level 1:colcon.colcon_core.package_identification:_identify(.) by extension 'ignore'
[0.104s] Level 1:colcon.colcon_core.package_identification:_identify(.) by extension 'ignore_ament_install'
[0.105s] Level 1:colcon.colcon_core.package_identification:_identify(.) by extensions ['colcon_pkg']
[0.105s] Level 1:colcon.colcon_core.package_identification:_identify(.) by extension 'colcon_pkg'
[0.105s] Level 1:colcon.colcon_core.package_identification:_identify(.) by extensions ['colcon_meta']
[0.105s] Level 1:colcon.colcon_core.package_identification:_identify(.) by extension 'colcon_meta'
[0.105s] Level 1:colcon.colcon_core.package_identification:_identify(.) by extensions ['ros']
[0.105s] Level 1:colcon.colcon_core.package_identification:_identify(.) by extension 'ros'
[0.122s] Level 1:colcon.colcon_core.package_identification:_identify(.) by extensions ['cmake', 'python']
[0.122s] Level 1:colcon.colcon_core.package_identification:_identify(.) by extension 'cmake'
[0.122s] Level 1:colcon.colcon_core.package_identification:_identify(.) by extension 'python'
[0.122s] Level 1:colcon.colcon_core.package_identification:_identify(.) by extensions ['python_setup_py']
[0.122s] Level 1:colcon.colcon_core.package_identification:_identify(.) by extension 'python_setup_py'
[0.122s] Level 1:colcon.colcon_core.package_identification:_identify(analysis) by extensions ['ignore', 'ignore_ament_install']
[0.122s] Level 1:colcon.colcon_core.package_identification:_identify(analysis) by extension 'ignore'
[0.122s] Level 1:colcon.colcon_core.package_identification:_identify(analysis) by extension 'ignore_ament_install'
[0.123s] Level 1:colcon.colcon_core.package_identification:_identify(analysis) by extensions ['colcon_pkg']
[0.123s] Level 1:colcon.colcon_core.package_identification:_identify(analysis) by extension 'colcon_pkg'
[0.123s] Level 1:colcon.colcon_core.package_identification:_identify(analysis) by extensions ['colcon_meta']
[0.123s] Level 1:colcon.colcon_core.package_identification:_identify(analysis) by extension 'colcon_meta'
[0.123s] Level 1:colcon.colcon_core.package_identification:_identify(analysis) by extensions ['ros']
[0.123s] Level 1:colcon.colcon_core.package_identification:_identify(analysis) by extension 'ros'
[0.123s] Level 1:colcon.colcon_core.package_identification:_identify(analysis) by extensions ['cmake', 'python']
[0.123s] Level 1:colcon.colcon_core.package_identification:_identify(analysis) by extension 'cmake'
[0.123s] Level 1:colcon.colcon_core.package_identification:_identify(analysis) by extension 'python'
[0.123s] Level 1:colcon.colcon_core.package_identification:_identify(analysis) by extensions ['python_setup_py']
[0.123s] Level 1:colcon.colcon_core.package_identification:_identify(analysis) by extension 'python_setup_py'
[0.123s] Level 1:colcon.colcon_core.package_identification:_identify(build) by extensions ['ignore', 'ignore_ament_install']
[0.123s] Level 1:colcon.colcon_core.package_identification:_identify(build) by extension 'ignore'
[0.123s] Level 1:colcon.colcon_core.package_identification:_identify(build) ignored
[0.123s] Level 1:colcon.colcon_core.package_identification:_identify(capture_srv) by extensions ['ignore', 'ignore_ament_install']
[0.123s] Level 1:colcon.colcon_core.package_identification:_identify(capture_srv) by extension 'ignore'
[0.123s] Level 1:colcon.colcon_core.package_identification:_identify(capture_srv) by extension 'ignore_ament_install'
[0.123s] Level 1:colcon.colcon_core.package_identification:_identify(capture_srv) by extensions ['colcon_pkg']
[0.123s] Level 1:colcon.colcon_core.package_identification:_identify(capture_srv) by extension 'colcon_pkg'
[0.123s] Level 1:colcon.colcon_core.package_identification:_identify(capture_srv) by extensions ['colcon_meta']
[0.123s] Level 1:colcon.colcon_core.package_identification:_identify(capture_srv) by extension 'colcon_meta'
[0.123s] Level 1:colcon.colcon_core.package_identification:_identify(capture_srv) by extensions ['ros']
[0.123s] Level 1:colcon.colcon_core.package_identification:_identify(capture_srv) by extension 'ros'
[0.125s] DEBUG:colcon.colcon_core.package_identification:Package 'capture_srv' with type 'ros.ament_cmake' and name 'capture_srv'
[0.125s] Level 1:colcon.colcon_core.package_identification:_identify(data) by extensions ['ignore', 'ignore_ament_install']
[0.125s] Level 1:colcon.colcon_core.package_identification:_identify(data) by extension 'ignore'
[0.125s] Level 1:colcon.colcon_core.package_identification:_identify(data) by extension 'ignore_ament_install'
[0.125s] Level 1:colcon.colcon_core.package_identification:_identify(data) by extensions ['colcon_pkg']
[0.125s] Level 1:colcon.colcon_core.package_identification:_identify(data) by extension 'colcon_pkg'
[0.125s] Level 1:colcon.colcon_core.package_identification:_identify(data) by extensions ['colcon_meta']
[0.125s] Level 1:colcon.colcon_core.package_identification:_identify(data) by extension 'colcon_meta'
[0.125s] Level 1:colcon.colcon_core.package_identification:_identify(data) by extensions ['ros']
[0.125s] Level 1:colcon.colcon_core.package_identification:_identify(data) by extension 'ros'
[0.125s] Level 1:colcon.colcon_core.package_identification:_identify(data) by extensions ['cmake', 'python']
[0.125s] Level 1:colcon.colcon_core.package_identification:_identify(data) by extension 'cmake'
[0.125s] Level 1:colcon.colcon_core.package_identification:_identify(data) by extension 'python'
[0.125s] Level 1:colcon.colcon_core.package_identification:_identify(data) by extensions ['python_setup_py']
[0.125s] Level 1:colcon.colcon_core.package_identification:_identify(data) by extension 'python_setup_py'
[0.125s] Level 1:colcon.colcon_core.package_identification:_identify(data/captures) by extensions ['ignore', 'ignore_ament_install']
[0.125s] Level 1:colcon.colcon_core.package_identification:_identify(data/captures) by extension 'ignore'
[0.125s] Level 1:colcon.colcon_core.package_identification:_identify(data/captures) by extension 'ignore_ament_install'
[0.126s] Level 1:colcon.colcon_core.package_identification:_identify(data/captures) by extensions ['colcon_pkg']
[0.126s] Level 1:colcon.colcon_core.package_identification:_identify(data/captures) by extension 'colcon_pkg'
[0.126s] Level 1:colcon.colcon_core.package_identification:_identify(data/captures) by extensions ['colcon_meta']
[0.126s] Level 1:colcon.colcon_core.package_identification:_identify(data/captures) by extension 'colcon_meta'
[0.126s] Level 1:colcon.colcon_core.package_identification:_identify(data/captures) by extensions ['ros']
[0.126s] Level 1:colcon.colcon_core.package_identification:_identify(data/captures) by extension 'ros'
[0.126s] Level 1:colcon.colcon_core.package_identification:_identify(data/captures) by extensions ['cmake', 'python']
[0.126s] Level 1:colcon.colcon_core.package_identification:_identify(data/captures) by extension 'cmake'
[0.126s] Level 1:colcon.colcon_core.package_identification:_identify(data/captures) by extension 'python'
[0.126s] Level 1:colcon.colcon_core.package_identification:_identify(data/captures) by extensions ['python_setup_py']
[0.126s] Level 1:colcon.colcon_core.package_identification:_identify(data/captures) by extension 'python_setup_py'
[0.126s] Level 1:colcon.colcon_core.package_identification:_identify(docs) by extensions ['ignore', 'ignore_ament_install']
[0.126s] Level 1:colcon.colcon_core.package_identification:_identify(docs) by extension 'ignore'
[0.126s] Level 1:colcon.colcon_core.package_identification:_identify(docs) by extension 'ignore_ament_install'
[0.126s] Level 1:colcon.colcon_core.package_identification:_identify(docs) by extensions ['colcon_pkg']
[0.126s] Level 1:colcon.colcon_core.package_identification:_identify(docs) by extension 'colcon_pkg'
[0.126s] Level 1:colcon.colcon_core.package_identification:_identify(docs) by extensions ['colcon_meta']
[0.126s] Level 1:colcon.colcon_core.package_identification:_identify(docs) by extension 'colcon_meta'
[0.126s] Level 1:colcon.colcon_core.package_identification:_identify(docs) by extensions ['ros']
[0.126s] Level 1:colcon.colcon_core.package_identification:_identify(docs) by extension 'ros'
[0.126s] Level 1:colcon.colcon_core.package_identification:_identify(docs) by extensions ['cmake', 'python']
[0.126s] Level 1:colcon.colcon_core.package_identification:_identify(docs) by extension 'cmake'
[0.126s] Level 1:colcon.colcon_core.package_identification:_identify(docs) by extension 'python'
[0.126s] Level 1:colcon.colcon_core.package_identification:_identify(docs) by extensions ['python_setup_py']
[0.126s] Level 1:colcon.colcon_core.package_identification:_identify(docs) by extension 'python_setup_py'
[0.126s] Level 1:colcon.colcon_core.package_identification:_identify(figures) by extensions ['ignore', 'ignore_ament_install']
[0.126s] Level 1:colcon.colcon_core.package_identification:_identify(figures) by extension 'ignore'
[0.126s] Level 1:colcon.colcon_core.package_identification:_identify(figures) by extension 'ignore_ament_install'
[0.126s] Level 1:colcon.colcon_core.package_identification:_identify(figures) by extensions ['colcon_pkg']
[0.126s] Level 1:colcon.colcon_core.package_identification:_identify(figures) by extension 'colcon_pkg'
[0.127s] Level 1:colcon.colcon_core.package_identification:_identify(figures) by extensions ['colcon_meta']
[0.127s] Level 1:colcon.colcon_core.package_identification:_identify(figures) by extension 'colcon_meta'
[0.127s] Level 1:colcon.colcon_core.package_identification:_identify(figures) by extensions ['ros']
[0.127s] Level 1:colcon.colcon_core.package_identification:_identify(figures) by extension 'ros'
[0.127s] Level 1:colcon.colcon_core.package_identification:_identify(figures) by extensions ['cmake', 'python']
[0.127s] Level 1:colcon.colcon_core.package_identification:_identify(figures) by extension 'cmake'
[0.127s] Level 1:colcon.colcon_core.package_identification:_identify(figures) by extension 'python'
[0.127s] Level 1:colcon.colcon_core.package_identification:_identify(figures) by extensions ['python_setup_py']
[0.127s] Level 1:colcon.colcon_core.package_identification:_identify(figures) by extension 'python_setup_py'
[0.127s] Level 1:colcon.colcon_core.package_identification:_identify(figures/map_evaluation) by extensions ['ignore', 'ignore_ament_install']
[0.127s] Level 1:colcon.colcon_core.package_identification:_identify(figures/map_evaluation) by extension 'ignore'
[0.127s] Level 1:colcon.colcon_core.package_identification:_identify(figures/map_evaluation) by extension 'ignore_ament_install'
[0.127s] Level 1:colcon.colcon_core.package_identification:_identify(figures/map_evaluation) by extensions ['colcon_pkg']
[0.127s] Level 1:colcon.colcon_core.package_identification:_identify(figures/map_evaluation) by extension 'colcon_pkg'
[0.127s] Level 1:colcon.colcon_core.package_identification:_identify(figures/map_evaluation) by extensions ['colcon_meta']
[0.127s] Level 1:colcon.colcon_core.package_identification:_identify(figures/map_evaluation) by extension 'colcon_meta'
[0.127s] Level 1:colcon.colcon_core.package_identification:_identify(figures/map_evaluation) by extensions ['ros']
[0.127s] Level 1:colcon.colcon_core.package_identification:_identify(figures/map_evaluation) by extension 'ros'
[0.127s] Level 1:colcon.colcon_core.package_identification:_identify(figures/map_evaluation) by extensions ['cmake', 'python']
[0.127s] Level 1:colcon.colcon_core.package_identification:_identify(figures/map_evaluation) by extension 'cmake'
[0.127s] Level 1:colcon.colcon_core.package_identification:_identify(figures/map_evaluation) by extension 'python'
[0.127s] Level 1:colcon.colcon_core.package_identification:_identify(figures/map_evaluation) by extensions ['python_setup_py']
[0.127s] Level 1:colcon.colcon_core.package_identification:_identify(figures/map_evaluation) by extension 'python_setup_py'
[0.127s] Level 1:colcon.colcon_core.package_identification:_identify(figures/rviz_screenshots) by extensions ['ignore', 'ignore_ament_install']
[0.127s] Level 1:colcon.colcon_core.package_identification:_identify(figures/rviz_screenshots) by extension 'ignore'
[0.127s] Level 1:colcon.colcon_core.package_identification:_identify(figures/rviz_screenshots) by extension 'ignore_ament_install'
[0.127s] Level 1:colcon.colcon_core.package_identification:_identify(figures/rviz_screenshots) by extensions ['colcon_pkg']
[0.127s] Level 1:colcon.colcon_core.package_identification:_identify(figures/rviz_screenshots) by extension 'colcon_pkg'
[0.127s] Level 1:colcon.colcon_core.package_identification:_identify(figures/rviz_screenshots) by extensions ['colcon_meta']
[0.127s] Level 1:colcon.colcon_core.package_identification:_identify(figures/rviz_screenshots) by extension 'colcon_meta'
[0.127s] Level 1:colcon.colcon_core.package_identification:_identify(figures/rviz_screenshots) by extensions ['ros']
[0.127s] Level 1:colcon.colcon_core.package_identification:_identify(figures/rviz_screenshots) by extension 'ros'
[0.127s] Level 1:colcon.colcon_core.package_identification:_identify(figures/rviz_screenshots) by extensions ['cmake', 'python']
[0.128s] Level 1:colcon.colcon_core.package_identification:_identify(figures/rviz_screenshots) by extension 'cmake'
[0.128s] Level 1:colcon.colcon_core.package_identification:_identify(figures/rviz_screenshots) by extension 'python'
[0.128s] Level 1:colcon.colcon_core.package_identification:_identify(figures/rviz_screenshots) by extensions ['python_setup_py']
[0.128s] Level 1:colcon.colcon_core.package_identification:_identify(figures/rviz_screenshots) by extension 'python_setup_py'
[0.128s] Level 1:colcon.colcon_core.package_identification:_identify(install) by extensions ['ignore', 'ignore_ament_install']
[0.128s] Level 1:colcon.colcon_core.package_identification:_identify(install) by extension 'ignore'
[0.128s] Level 1:colcon.colcon_core.package_identification:_identify(install) ignored
[0.128s] Level 1:colcon.colcon_core.package_identification:_identify(log) by extensions ['ignore', 'ignore_ament_install']
[0.128s] Level 1:colcon.colcon_core.package_identification:_identify(log) by extension 'ignore'
[0.128s] Level 1:colcon.colcon_core.package_identification:_identify(log) ignored
[0.128s] Level 1:colcon.colcon_core.package_identification:_identify(scan_capture_pkg) by extensions ['ignore', 'ignore_ament_install']
[0.128s] Level 1:colcon.colcon_core.package_identification:_identify(scan_capture_pkg) by extension 'ignore'
[0.128s] Level 1:colcon.colcon_core.package_identification:_identify(scan_capture_pkg) by extension 'ignore_ament_install'
[0.128s] Level 1:colcon.colcon_core.package_identification:_identify(scan_capture_pkg) by extensions ['colcon_pkg']
[0.128s] Level 1:colcon.colcon_core.package_identification:_identify(scan_capture_pkg) by extension 'colcon_pkg'
[0.128s] Level 1:colcon.colcon_core.package_identification:_identify(scan_capture_pkg) by extensions ['colcon_meta']
[0.128s] Level 1:colcon.colcon_core.package_identification:_identify(scan_capture_pkg) by extension 'colcon_meta'
[0.128s] Level 1:colcon.colcon_core.package_identification:_identify(scan_capture_pkg) by extensions ['ros']
[0.128s] Level 1:colcon.colcon_core.package_identification:_identify(scan_capture_pkg) by extension 'ros'
[0.129s] DEBUG:colcon.colcon_core.package_identification:Package 'scan_capture_pkg' with type 'ros.ament_cmake' and name 'scan_capture_pkg'
[0.129s] Level 1:colcon.colcon_core.package_discovery:discover_packages(recursive) using defaults
[0.129s] Level 1:colcon.colcon_core.package_discovery:discover_packages(ignore) discover
[0.129s] Level 1:colcon.colcon_core.package_discovery:discover_packages(ignore) using defaults
[0.129s] Level 1:colcon.colcon_core.package_discovery:discover_packages(path) discover
[0.129s] Level 1:colcon.colcon_core.package_discovery:discover_packages(path) using defaults
[0.141s] Level 1:colcon.colcon_core.package_discovery:discover_packages(prefix_path) check parameters
[0.141s] Level 1:colcon.colcon_core.package_discovery:discover_packages(prefix_path) discover
[0.144s] DEBUG:colcon.colcon_installed_package_information.package_discovery:Found 436 installed packages in /opt/ros/jazzy
[0.145s] Level 1:colcon.colcon_core.package_discovery:discover_packages(prefix_path) using defaults
[0.185s] Level 5:colcon.colcon_core.verb:set package 'capture_srv' build argument 'cmake_args' from command line to 'None'
[0.185s] Level 5:colcon.colcon_core.verb:set package 'capture_srv' build argument 'cmake_target' from command line to 'None'
[0.185s] Level 5:colcon.colcon_core.verb:set package 'capture_srv' build argument 'cmake_target_skip_unavailable' from command line to 'False'
[0.185s] Level 5:colcon.colcon_core.verb:set package 'capture_srv' build argument 'cmake_clean_cache' from command line to 'False'
[0.185s] Level 5:colcon.colcon_core.verb:set package 'capture_srv' build argument 'cmake_clean_first' from command line to 'False'
[0.185s] Level 5:colcon.colcon_core.verb:set package 'capture_srv' build argument 'cmake_force_configure' from command line to 'False'
[0.185s] Level 5:colcon.colcon_core.verb:set package 'capture_srv' build argument 'ament_cmake_args' from command line to 'None'
[0.185s] Level 5:colcon.colcon_core.verb:set package 'capture_srv' build argument 'catkin_cmake_args' from command line to 'None'
[0.185s] Level 5:colcon.colcon_core.verb:set package 'capture_srv' build argument 'catkin_skip_building_tests' from command line to 'False'
[0.185s] DEBUG:colcon.colcon_core.verb:Building package 'capture_srv' with the following arguments: {'ament_cmake_args': None, 'build_base': '/home/quin/ee5531/proj6_ws/src/project6-waypoint-mapping-group4/build/capture_srv', 'catkin_cmake_args': None, 'catkin_skip_building_tests': False, 'cmake_args': None, 'cmake_clean_cache': False, 'cmake_clean_first': False, 'cmake_force_configure': False, 'cmake_target': None, 'cmake_target_skip_unavailable': False, 'install_base': '/home/quin/ee5531/proj6_ws/src/project6-waypoint-mapping-group4/install/capture_srv', 'merge_install': False, 'path': '/home/quin/ee5531/proj6_ws/src/project6-waypoint-mapping-group4/capture_srv', 'symlink_install': False, 'test_result_base': None}
[0.185s] Level 5:colcon.colcon_core.verb:set package 'scan_capture_pkg' build argument 'cmake_args' from command line to 'None'
[0.185s] Level 5:colcon.colcon_core.verb:set package 'scan_capture_pkg' build argument 'cmake_target' from command line to 'None'
[0.185s] Level 5:colcon.colcon_core.verb:set package 'scan_capture_pkg' build argument 'cmake_target_skip_unavailable' from command line to 'False'
[0.185s] Level 5:colcon.colcon_core.verb:set package 'scan_capture_pkg' build argument 'cmake_clean_cache' from command line to 'False'
[0.185s] Level 5:colcon.colcon_core.verb:set package 'scan_capture_pkg' build argument 'cmake_clean_first' from command line to 'False'
[0.185s] Level 5:colcon.colcon_core.verb:set package 'scan_capture_pkg' build argument 'cmake_force_configure' from command line to 'False'
[0.185s] Level 5:colcon.colcon_core.verb:set package 'scan_capture_pkg' build argument 'ament_cmake_args' from command line to 'None'
[0.185s] Level 5:colcon.colcon_core.verb:set package 'scan_capture_pkg' build argument 'catkin_cmake_args' from command line to 'None'
[0.185s] Level 5:colcon.colcon_core.verb:set package 'scan_capture_pkg' build argument 'catkin_skip_building_tests' from command line to 'False'
[0.185s] DEBUG:colcon.colcon_core.verb:Building package 'scan_capture_pkg' with the following arguments: {'ament_cmake_args': None, 'build_base': '/home/quin/ee5531/proj6_ws/src/project6-waypoint-mapping-group4/build/scan_capture_pkg', 'catkin_cmake_args': None, 'catkin_skip_building_tests': False, 'cmake_args': None, 'cmake_clean_cache': False, 'cmake_clean_first': False, 'cmake_force_configure': False, 'cmake_target': None, 'cmake_target_skip_unavailable': False, 'install_base': '/home/quin/ee5531/proj6_ws/src/project6-waypoint-mapping-group4/install/scan_capture_pkg', 'merge_install': False, 'path': '/home/quin/ee5531/proj6_ws/src/project6-waypoint-mapping-group4/scan_capture_pkg', 'symlink_install': False, 'test_result_base': None}
[0.185s] INFO:colcon.colcon_core.executor:Executing jobs using 'parallel' executor
[0.186s] DEBUG:colcon.colcon_parallel_executor.executor.parallel:run_until_complete
[0.186s] INFO:colcon.colcon_ros.task.ament_cmake.build:Building ROS package in '/home/quin/ee5531/proj6_ws/src/project6-waypoint-mapping-group4/capture_srv' with build type 'ament_cmake'
[0.186s] INFO:colcon.colcon_cmake.task.cmake.build:Building CMake package in '/home/quin/ee5531/proj6_ws/src/project6-waypoint-mapping-group4/capture_srv'
[0.188s] INFO:colcon.colcon_core.plugin_system:Skipping extension 'colcon_core.shell.bat': Not used on non-Windows systems
[0.188s] INFO:colcon.colcon_core.shell:Skip shell extension 'powershell' for command environment: Not usable outside of PowerShell
[0.188s] DEBUG:colcon.colcon_core.shell:Skip shell extension 'dsv' for command environment
[0.191s] INFO:colcon.colcon_ros.task.ament_cmake.build:Building ROS package in '/home/quin/ee5531/proj6_ws/src/project6-waypoint-mapping-group4/scan_capture_pkg' with build type 'ament_cmake'
[0.191s] INFO:colcon.colcon_cmake.task.cmake.build:Building CMake package in '/home/quin/ee5531/proj6_ws/src/project6-waypoint-mapping-group4/scan_capture_pkg'
[0.191s] INFO:colcon.colcon_core.shell:Skip shell extension 'powershell' for command environment: Not usable outside of PowerShell
[0.191s] DEBUG:colcon.colcon_core.shell:Skip shell extension 'dsv' for command environment
[0.196s] DEBUG:colcon.colcon_core.event_handler.log_command:Invoking command in '/home/quin/ee5531/proj6_ws/src/project6-waypoint-mapping-group4/build/capture_srv': CMAKE_PREFIX_PATH=${CMAKE_PREFIX_PATH}:/opt/ros/jazzy DEBUGINFOD_URLS=https://debuginfod.ubuntu.com /usr/bin/cmake /home/quin/ee5531/proj6_ws/src/project6-waypoint-mapping-group4/capture_srv -DCMAKE_INSTALL_PREFIX=/home/quin/ee5531/proj6_ws/src/project6-waypoint-mapping-group4/install/capture_srv
[0.198s] DEBUG:colcon.colcon_core.event_handler.log_command:Invoking command in '/home/quin/ee5531/proj6_ws/src/project6-waypoint-mapping-group4/build/scan_capture_pkg': CMAKE_PREFIX_PATH=${CMAKE_PREFIX_PATH}:/opt/ros/jazzy DEBUGINFOD_URLS=https://debuginfod.ubuntu.com /usr/bin/cmake /home/quin/ee5531/proj6_ws/src/project6-waypoint-mapping-group4/scan_capture_pkg -DCMAKE_INSTALL_PREFIX=/home/quin/ee5531/proj6_ws/src/project6-waypoint-mapping-group4/install/scan_capture_pkg
[0.913s] DEBUG:colcon.colcon_core.event_handler.log_command:Invoked command in '/home/quin/ee5531/proj6_ws/src/project6-waypoint-mapping-group4/build/scan_capture_pkg' returned '1': CMAKE_PREFIX_PATH=${CMAKE_PREFIX_PATH}:/opt/ros/jazzy DEBUGINFOD_URLS=https://debuginfod.ubuntu.com /usr/bin/cmake /home/quin/ee5531/proj6_ws/src/project6-waypoint-mapping-group4/scan_capture_pkg -DCMAKE_INSTALL_PREFIX=/home/quin/ee5531/proj6_ws/src/project6-waypoint-mapping-group4/install/scan_capture_pkg
[0.925s] Level 1:colcon.colcon_core.environment:create_environment_scripts_only(scan_capture_pkg)
[0.926s] Level 1:colcon.colcon_core.environment:checking '/home/quin/ee5531/proj6_ws/src/project6-waypoint-mapping-group4/install/scan_capture_pkg' for CMake module files
[0.927s] Level 1:colcon.colcon_core.environment:checking '/home/quin/ee5531/proj6_ws/src/project6-waypoint-mapping-group4/install/scan_capture_pkg' for CMake config files
[0.927s] Level 1:colcon.colcon_core.environment:checking '/home/quin/ee5531/proj6_ws/src/project6-waypoint-mapping-group4/install/scan_capture_pkg/bin'
[0.927s] Level 1:colcon.colcon_core.environment:checking '/home/quin/ee5531/proj6_ws/src/project6-waypoint-mapping-group4/install/scan_capture_pkg/lib/pkgconfig/scan_capture_pkg.pc'
[0.927s] Level 1:colcon.colcon_core.environment:checking '/home/quin/ee5531/proj6_ws/src/project6-waypoint-mapping-group4/install/scan_capture_pkg/lib/python3.12/site-packages'
[0.927s] Level 1:colcon.colcon_core.environment:checking '/home/quin/ee5531/proj6_ws/src/project6-waypoint-mapping-group4/install/scan_capture_pkg/bin'
[0.928s] INFO:colcon.colcon_core.shell:Creating package script '/home/quin/ee5531/proj6_ws/src/project6-waypoint-mapping-group4/install/scan_capture_pkg/share/scan_capture_pkg/package.ps1'
[0.928s] INFO:colcon.colcon_core.shell:Creating package descriptor '/home/quin/ee5531/proj6_ws/src/project6-waypoint-mapping-group4/install/scan_capture_pkg/share/scan_capture_pkg/package.dsv'
[0.928s] INFO:colcon.colcon_core.shell:Creating package script '/home/quin/ee5531/proj6_ws/src/project6-waypoint-mapping-group4/install/scan_capture_pkg/share/scan_capture_pkg/package.sh'
[0.929s] INFO:colcon.colcon_core.shell:Creating package script '/home/quin/ee5531/proj6_ws/src/project6-waypoint-mapping-group4/install/scan_capture_pkg/share/scan_capture_pkg/package.bash'
[0.929s] INFO:colcon.colcon_core.shell:Creating package script '/home/quin/ee5531/proj6_ws/src/project6-waypoint-mapping-group4/install/scan_capture_pkg/share/scan_capture_pkg/package.zsh'
[0.929s] Level 1:colcon.colcon_core.environment:create_file_with_runtime_dependencies(/home/quin/ee5531/proj6_ws/src/project6-waypoint-mapping-group4/install/scan_capture_pkg/share/colcon-core/packages/scan_capture_pkg)
[2.488s] DEBUG:colcon.colcon_parallel_executor.executor.parallel:closing loop
[2.488s] DEBUG:colcon.colcon_parallel_executor.executor.parallel:loop closed
[2.488s] DEBUG:colcon.colcon_parallel_executor.executor.parallel:run_until_complete finished with '1'
[2.488s] DEBUG:colcon.colcon_core.event_reactor:joining thread
[2.492s] INFO:colcon.colcon_core.plugin_system:Skipping extension 'colcon_notification.desktop_notification.terminal_notifier': Not used on non-Darwin systems
[2.493s] INFO:colcon.colcon_core.plugin_system:Skipping extension 'colcon_notification.desktop_notification.win32': Not used on non-Windows systems
[2.493s] INFO:colcon.colcon_notification.desktop_notification:Sending desktop notification using 'notify2'
[2.503s] DEBUG:colcon.colcon_core.event_reactor:joined thread
[2.504s] INFO:colcon.colcon_core.shell:Creating prefix script '/home/quin/ee5531/proj6_ws/src/project6-waypoint-mapping-group4/install/local_setup.ps1'
[2.504s] INFO:colcon.colcon_core.shell:Creating prefix util module '/home/quin/ee5531/proj6_ws/src/project6-waypoint-mapping-group4/install/_local_setup_util_ps1.py'
[2.505s] INFO:colcon.colcon_core.shell:Creating prefix chain script '/home/quin/ee5531/proj6_ws/src/project6-waypoint-mapping-group4/install/setup.ps1'
[2.506s] INFO:colcon.colcon_core.shell:Creating prefix script '/home/quin/ee5531/proj6_ws/src/project6-waypoint-mapping-group4/install/local_setup.sh'
[2.506s] INFO:colcon.colcon_core.shell:Creating prefix util module '/home/quin/ee5531/proj6_ws/src/project6-waypoint-mapping-group4/install/_local_setup_util_sh.py'
[2.506s] INFO:colcon.colcon_core.shell:Creating prefix chain script '/home/quin/ee5531/proj6_ws/src/project6-waypoint-mapping-group4/install/setup.sh'
[2.507s] INFO:colcon.colcon_core.shell:Creating prefix script '/home/quin/ee5531/proj6_ws/src/project6-waypoint-mapping-group4/install/local_setup.bash'
[2.507s] INFO:colcon.colcon_core.shell:Creating prefix chain script '/home/quin/ee5531/proj6_ws/src/project6-waypoint-mapping-group4/install/setup.bash'
[2.508s] INFO:colcon.colcon_core.shell:Creating prefix script '/home/quin/ee5531/proj6_ws/src/project6-waypoint-mapping-group4/install/local_setup.zsh'
[2.508s] INFO:colcon.colcon_core.shell:Creating prefix chain script '/home/quin/ee5531/proj6_ws/src/project6-waypoint-mapping-group4/install/setup.zsh'
