[0.007s] Invoking command in '/home/quin/ee5531/proj6_ws/src/project6-waypoint-mapping-group4/build/scan_capture_pkg': CMAKE_PREFIX_PATH=${CMAKE_PREFIX_PATH}:/opt/ros/jazzy DEBUGINFOD_URLS=https://debuginfod.ubuntu.com /usr/bin/cmake /home/quin/ee5531/proj6_ws/src/project6-waypoint-mapping-group4/scan_capture_pkg -DCMAKE_INSTALL_PREFIX=/home/quin/ee5531/proj6_ws/src/project6-waypoint-mapping-group4/install/scan_capture_pkg
[0.048s] -- The C compiler identification is GNU 13.3.0
[0.090s] -- The CXX compiler identification is GNU 13.3.0
[0.105s] -- Detecting C compiler ABI info
[0.176s] -- Detecting C compiler ABI info - done
[0.183s] -- Check for working C compiler: /usr/bin/cc - skipped
[0.183s] -- Detecting C compile features
[0.183s] -- Detecting C compile features - done
[0.191s] -- Detecting CXX compiler ABI info
[0.272s] -- Detecting CXX compiler ABI info - done
[0.279s] -- Check for working CXX compiler: /usr/bin/c++ - skipped
[0.279s] -- Detecting CXX compile features
[0.279s] -- Detecting CXX compile features - done
[0.283s] -- Found ament_cmake_python: 2.5.5 (/opt/ros/jazzy/share/ament_cmake_python/cmake)
[0.287s] -- Found rclpy: 7.1.9 (/opt/ros/jazzy/share/rclpy/cmake)
[0.290s] -- Found rosidl_default_generators: 1.6.0 (/opt/ros/jazzy/share/rosidl_default_generators/cmake)
[0.410s] -- Found Python3: /usr/bin/python3 (found version "3.12.3") found components: Interpreter 
[0.473s] -- Using all available rosidl_typesupport_c: rosidl_typesupport_fastrtps_c;rosidl_typesupport_introspection_c
[0.582s] -- Using all available rosidl_typesupport_cpp: rosidl_typesupport_fastrtps_cpp;rosidl_typesupport_introspection_cpp
[0.632s] -- Found rosidl_adapter: 4.6.7 (/opt/ros/jazzy/share/rosidl_adapter/cmake)
[0.637s] -- Found std_msgs: 5.3.6 (/opt/ros/jazzy/share/std_msgs/cmake)
[0.670s] -- Found geometry_msgs: 5.3.6 (/opt/ros/jazzy/share/geometry_msgs/cmake)
[0.685s] -- Found sensor_msgs: 5.3.6 (/opt/ros/jazzy/share/sensor_msgs/cmake)
[0.715s] [31mCMake Error at /opt/ros/jazzy/share/rosidl_cmake/cmake/rosidl_generate_interfaces.cmake:95 (message):
[0.716s]   rosidl_generate_interfaces() the passed file 'srv/CaptureScan.srv' doesn't
[0.716s]   exist relative to the CMAKE_CURRENT_SOURCE_DIR
[0.716s]   '/home/quin/ee5531/proj6_ws/src/project6-waypoint-mapping-group4/scan_capture_pkg'
[0.716s] Call Stack (most recent call first):
[0.716s]   CMakeLists.txt:17 (rosidl_generate_interfaces)
[0.716s] 
[0.716s] [0m
[0.716s] -- Configuring incomplete, errors occurred!
[0.722s] Invoked command in '/home/quin/ee5531/proj6_ws/src/project6-waypoint-mapping-group4/build/scan_capture_pkg' returned '1': CMAKE_PREFIX_PATH=${CMAKE_PREFIX_PATH}:/opt/ros/jazzy DEBUGINFOD_URLS=https://debuginfod.ubuntu.com /usr/bin/cmake /home/quin/ee5531/proj6_ws/src/project6-waypoint-mapping-group4/scan_capture_pkg -DCMAKE_INSTALL_PREFIX=/home/quin/ee5531/proj6_ws/src/project6-waypoint-mapping-group4/install/scan_capture_pkg
