[0.009s] Invoking command in '/home/quin/ee5531/proj6_ws/src/project6-waypoint-mapping-group4/build/capture_srv': CMAKE_PREFIX_PATH=${CMAKE_PREFIX_PATH}:/opt/ros/jazzy DEBUGINFOD_URLS=https://debuginfod.ubuntu.com /usr/bin/cmake /home/quin/ee5531/proj6_ws/src/project6-waypoint-mapping-group4/capture_srv -DCMAKE_INSTALL_PREFIX=/home/quin/ee5531/proj6_ws/src/project6-waypoint-mapping-group4/install/capture_srv
[0.053s] -- The C compiler identification is GNU 13.3.0
[0.096s] -- The CXX compiler identification is GNU 13.3.0
[0.110s] -- Detecting C compiler ABI info
[0.181s] -- Detecting C compiler ABI info - done
[0.188s] -- Check for working C compiler: /usr/bin/cc - skipped
[0.188s] -- Detecting C compile features
[0.188s] -- Detecting C compile features - done
[0.196s] -- Detecting CXX compiler ABI info
[0.277s] -- Detecting CXX compiler ABI info - done
[0.283s] -- Check for working CXX compiler: /usr/bin/c++ - skipped
[0.284s] -- Detecting CXX compile features
[0.284s] -- Detecting CXX compile features - done
[0.288s] -- Found ament_cmake: 2.5.5 (/opt/ros/jazzy/share/ament_cmake/cmake)
[0.409s] -- Found Python3: /usr/bin/python3 (found version "3.12.3") found components: Interpreter 
[0.516s] -- Found rosidl_default_generators: 1.6.0 (/opt/ros/jazzy/share/rosidl_default_generators/cmake)
[0.524s] -- Using all available rosidl_typesupport_c: rosidl_typesupport_fastrtps_c;rosidl_typesupport_introspection_c
[0.584s] -- Using all available rosidl_typesupport_cpp: rosidl_typesupport_fastrtps_cpp;rosidl_typesupport_introspection_cpp
[0.633s] -- Found rosidl_adapter: 4.6.7 (/opt/ros/jazzy/share/rosidl_adapter/cmake)
[1.088s] -- Found ament_cmake_ros: 0.12.0 (/opt/ros/jazzy/share/ament_cmake_ros/cmake)
[1.414s] -- Using all available rosidl_typesupport_c: rosidl_typesupport_fastrtps_c;rosidl_typesupport_introspection_c
[1.827s] -- Using all available rosidl_typesupport_cpp: rosidl_typesupport_fastrtps_cpp;rosidl_typesupport_introspection_cpp
[1.831s] -- Found python_cmake_module: 0.11.1 (/opt/ros/jazzy/share/python_cmake_module/cmake)
[1.931s] -- Found PythonExtra: /usr/bin/python3  
[2.248s] -- Found Python3: /usr/bin/python3 (found version "3.12.3") found components: Interpreter Development NumPy Development.Module Development.Embed 
[2.284s] [31mCMake Error at CMakeLists.txt:20 (find_package):
[2.284s]   By not providing "Findament_lint_auto.cmake" in CMAKE_MODULE_PATH this
[2.285s]   project has asked CMake to find a package configuration file provided by
[2.285s]   "ament_lint_auto", but CMake did not find one.
[2.285s] 
[2.285s]   Could not find a package configuration file provided by "ament_lint_auto"
[2.285s]   with any of the following names:
[2.285s] 
[2.285s]     ament_lint_autoConfig.cmake
[2.285s]     ament_lint_auto-config.cmake
[2.285s] 
[2.285s]   Add the installation prefix of "ament_lint_auto" to CMAKE_PREFIX_PATH or
[2.285s]   set "ament_lint_auto_DIR" to a directory containing one of the above files.
[2.285s]   If "ament_lint_auto" provides a separate development package or SDK, be
[2.285s]   sure it has been installed.
[2.285s] 
[2.285s] [0m
[2.285s] -- Configuring incomplete, errors occurred!
